// Jest Snapshot v1, https://goo.gl/fbAQLP

exports[`<FeaturesList /> renders 1`] = `
<div
  className="features-list"
>
  <Component>
    <ListElement
      image="static/images/london-bridge.png"
      title="Based in London"
    >
      We are starting in London and have people on the streets ready to take on some work as soon as you send us a request.
    </ListElement>
    <ListElement
      image="static/images/cash.png"
      title="Flat fee"
    >
      To make it even easier there is no pricing guide, you will always pay the same whatever the task at hand is. 
      <b>
        Just 20Â£
      </b>
    </ListElement>
    <ListElement
      image="static/images/cafe.png"
      title="Worries free service"
    >
      lorem ipsum dolor sit amet, consectetur adip lorem ipsum dolor sit amet, consectetur adip lorem ipsum dolor sit amet, consectetur adip lorem ipsum dolor sit amet
    </ListElement>
  </Component>
</div>
`;
