// Jest Snapshot v1, https://goo.gl/fbAQLP

exports[`<FullFeatureList /> renders 1`] = `
<div
  className="full-feature-list"
>
  <Component
    hideImage={true}
    image="static/images/undraw_design_sprint.svg"
    imageSide="right"
    title="Why we do it"
  >
    We believe prioritisation is key if we want to achieve work-life balance, ||unfortunately life its messy and some things always come up when there is no one else to help out.|| With LetUsDo.app we want to change that. We literally give you an extra hand that is always there to help in whatever situation you need it.
  </Component>
  <Component
    image="static/images/undraw_selection.svg"
    title="What do we do"
  >
    We help people and organisations automate and delegate simple task in a on demand way. Using our website or out API we find and arrange someone to solve your task without any overhead on your side. We solve your problems and donâ€™t create more overhead in your busy life.
  </Component>
  <Component
    image="static/images/undraw_at_the_park.svg"
    imageSide="right"
    title="How do we do it"
  >
    When we receive a task from you we will assign it to one of our internal staff and then they will do whatever needs to be done to complete it\\* They will only contact you in case you specify it or if in ultimate necessity. We want to give a complete smooth experience and complete the task without bothering you, any inconvenience that happens is up to our staff to resolve. \\* Tasks needs to be simple enough to be completed in around an hour time
  </Component>
</div>
`;
