// Jest Snapshot v1, https://goo.gl/fbAQLP

exports[`<CheckoutForm /> renders 1`] = `
<div
  className="checkout"
>
  <div
    className="card-numer-field"
  >
    <CardElement
      onBlur={[Function]}
      onChange={[Function]}
      onFocus={[Function]}
      onReady={[Function]}
    />
  </div>
  <div
    className="pay-button-wrapper"
  >
    <Button
      active={false}
      className="pay-button"
      disabled={false}
      onClick={[Function]}
      type="button"
      variant="primary"
    >
      Pay
       
      <Badge
        pill={true}
        variant="light"
      >
        20Â£
      </Badge>
    </Button>
  </div>
</div>
`;
