// Jest Snapshot v1, https://goo.gl/fbAQLP

exports[`<CheckoutFormWrapper /> renders 1`] = `
<Provider
  apiKey="mykey"
>
  <Elements>
    <Connect(InjectStripe(CheckoutForm)) />
  </Elements>
</Provider>
`;
