// Jest Snapshot v1, https://goo.gl/fbAQLP

exports[`<HomePage /> renders 1`] = `
<div>
  <LandingHeader />
  <Component />
  <Suspense
    fallback={
      <div>
        Loading...
      </div>
    }
  >
    <lazy />
    <lazy />
  </Suspense>
  <Suspense
    fallback={
      <div>
        Loading...
      </div>
    }
  >
    <lazy />
  </Suspense>
  <Footer />
</div>
`;
