// Jest Snapshot v1, https://goo.gl/fbAQLP

exports[`<FeaturesList /> renders 1`] = `
<div
  className="features-list"
>
  <CenteredContent>
    <ListElement
      content="We are starting in London and have people on the streets ready to take on some work as soon as you send us a request. "
      image={
        Object {
          "process": [Function],
        }
      }
      title="Based in London"
    />
    <ListElement
      content="To make it even easier there is no pricing guide, you will always pay the same whatever the task at hand is. Just 20Â£"
      image={
        Object {
          "process": [Function],
        }
      }
      title="Flat fee"
    />
    <ListElement
      content="lorem ipsum dolor sit amet, consectetur adip lorem ipsum dolor sit amet, consectetur adip lorem ipsum dolor sit amet, consectetur adip lorem ipsum dolor sit amet"
      image={
        Object {
          "process": [Function],
        }
      }
      title="Worries free service"
    />
  </CenteredContent>
</div>
`;
